{
    "_meta": {
        "hostvars": {
            "default-vm-cirros": {
                "annotations": {
                    "kubevirt.io/latest-observed-api-version": "v1",
                    "kubevirt.io/storage-observed-api-version": "v1alpha3"
                },
                "ansible_connection": "ssh",
                "ansible_host": "10.244.196.152",
                "cluster_name": null,
                "labels": {
                    "kubevirt.io/nodeName": "node01",
                    "kubevirt.io/vm": "vm-cirros"
                },
                "object_type": "vmi",
                "resource_version": "5387",
                "uid": "7b3a8d94-bd7e-4c14-818a-89228172e4f1",
                "vmi_active_pods": {
                    "a9a6c31b-8574-46f9-8bec-70ff091c3d97": "node01"
                },
                "vmi_conditions": [
                    {
                        "lastProbeTime": null,
                        "lastTransitionTime": "2022-09-14T13:43:39Z",
                        "status": "True",
                        "type": "Ready"
                    },
                    {
                        "lastProbeTime": null,
                        "lastTransitionTime": null,
                        "message": "cannot migrate VMI which does not use masquerade to connect to the pod network",
                        "reason": "InterfaceNotLiveMigratable",
                        "status": "False",
                        "type": "LiveMigratable"
                    }
                ],
                "vmi_guest_os_info": {},
                "vmi_interfaces": [
                    {
                        "infoSource": "domain",
                        "ipAddress": "10.244.196.152",
                        "ipAddresses": [
                            "10.244.196.152",
                            "fd10:244::c497"
                        ],
                        "mac": "96:13:92:4f:05:d3",
                        "name": "default",
                        "queueCount": 1
                    }
                ],
                "vmi_launcher_container_image_version": "registry:5000/kubevirt/virt-launcher@sha256:5c1474d240488c9a8e6e6e48b2ad446113744353b4cd2464baee3550e6b1829d",
                "vmi_migration_method": "BlockMigration",
                "vmi_migration_transport": "Unix",
                "vmi_node_name": "node01",
                "vmi_phase": "Running",
                "vmi_phase_transition_timestamps": [
                    {
                        "phase": "Pending",
                        "phaseTransitionTimestamp": "2022-09-14T13:43:36Z"
                    },
                    {
                        "phase": "Scheduling",
                        "phaseTransitionTimestamp": "2022-09-14T13:43:36Z"
                    },
                    {
                        "phase": "Scheduled",
                        "phaseTransitionTimestamp": "2022-09-14T13:43:39Z"
                    },
                    {
                        "phase": "Running",
                        "phaseTransitionTimestamp": "2022-09-14T13:43:40Z"
                    }
                ],
                "vmi_qos_class": "Burstable",
                "vmi_virtual_machine_revision_name": "revision-start-vm-4d1b1438-91ba-4c75-a211-566fc50a06f5-9",
                "vmi_volume_status": [
                    {
                        "name": "cloudinitdisk",
                        "size": 1048576,
                        "target": "vdb"
                    },
                    {
                        "name": "containerdisk",
                        "target": "vda"
                    }
                ]
            }
        }
    },
    "all": {
        "children": [
            "ungrouped",
            "localhost_12345",
            "label_kubevirt_io_nodeName_node01",
            "label_kubevirt_io_vm_vm_cirros"
        ]
    },
    "label_kubevirt_io_nodeName_node01": {
        "hosts": [
            "default-vm-cirros"
        ]
    },
    "label_kubevirt_io_vm_vm_cirros": {
        "hosts": [
            "default-vm-cirros"
        ]
    },
    "localhost_12345": {
        "children": [
            "namespace_default"
        ]
    },
    "namespace_default": {
        "children": [
            "namespace_default_vmis"
        ]
    },
    "namespace_default_vmis": {
        "hosts": [
            "default-vm-cirros"
        ]
    }
}